// Jest Snapshot v1, https://goo.gl/fbAQLP

exports[`Gallery component should render as expected 1`] = `
<div
  className="gallery__container"
>
  <ProgressiveImage
    blurRadius="3"
    className="gallery__image"
    keepRatio={true}
    src="static/jobs_04.jpg"
    thumbnail="static/thumbnails/jobs_04_tn.jpg"
  />
  <ProgressiveImage
    blurRadius="3"
    className="gallery__image"
    keepRatio={true}
    src="static/jobs_08.jpg"
    thumbnail="static/thumbnails/jobs_08_tn.jpg"
  />
  <ProgressiveImage
    blurRadius="3"
    className="gallery__image"
    keepRatio={true}
    src="static/jobs_01.jpg"
    thumbnail="static/thumbnails/jobs_01_tn.jpg"
  />
  <ProgressiveImage
    blurRadius="3"
    className="gallery__image"
    keepRatio={true}
    src="static/jobs_03.jpg"
    thumbnail="static/thumbnails/jobs_03_tn.jpg"
  />
  <ProgressiveImage
    blurRadius="3"
    className="gallery__image"
    keepRatio={true}
    src="static/jobs_02.jpg"
    thumbnail="static/thumbnails/jobs_02_tn.jpg"
  />
  <ProgressiveImage
    blurRadius="3"
    className="gallery__image"
    keepRatio={true}
    src="static/jobs_05.jpg"
    thumbnail="static/thumbnails/jobs_05_tn.jpg"
  />
  <ProgressiveImage
    blurRadius="3"
    className="gallery__image"
    keepRatio={true}
    src="static/jobs_07.jpg"
    thumbnail="static/thumbnails/jobs_07_tn.jpg"
  />
  <ProgressiveImage
    blurRadius="3"
    className="gallery__image"
    keepRatio={true}
    src="static/jobs_06.jpg"
    thumbnail="static/thumbnails/jobs_06_tn.jpg"
  />
</div>
`;
